000000] Using APIC driver default
[    0.000000] No local APIC present or hardware disabled
[    0.000000] nr_irqs_gsi: 16
[    0.000000] Allocating PCI resources starting at 20000000 (gap: 10000000:eff00000)
[    0.000000] Real-Time Preemption Support (C) 2004-2007 Ingo Molnar
[    0.000000] Built 1 zonelists in Zone order, mobility grouping on.  Total pages: 59819
[    0.000000] Kernel command line: root=UUID=42424242-1120-1120-1120-424242424242 ro console=ttyS0,38400n8 profile usb-storage.delay_use=1 panic=1
[    0.000000] Initializing CPU#0
[    0.000000] Preemptible RCU implementation.
[    0.000000] NR_IRQS:288
[    0.000000] PID hash table entries: 1024 (order: 10, 4096 bytes)
[    0.000000] Fast TSC calibration using PIT
[    0.000000] Detected 499.908 MHz processor.
[    0.000999] Console: colour dummy device 80x25
[    0.000999] console [ttyS0] enabled
[    0.000999] Dentry cache hash table entries: 32768 (order: 5, 131072 bytes)
[    0.000999] Inode-cache hash table entries: 16384 (order: 4, 65536 bytes)
[    0.000999] Memory: 229156k/241560k available (1784k kernel code, 11780k reserved, 861k data, 216k init, 0k highmem)
[    0.000999] virtual kernel memory layout:
[    0.000999]     fixmap  : 0xfffab000 - 0xfffff000   ( 336 kB)
[    0.000999]     vmalloc : 0xcf3e6000 - 0xfffa9000   ( 779 MB)
[    0.000999]     lowmem  : 0xc0000000 - 0xcebe6000   ( 235 MB)
[    0.000999]       .init : 0xc0398000 - 0xc03ce000   ( 216 kB)
[    0.000999]       .data : 0xc02be0a9 - 0xc03954f8   ( 861 kB)
[    0.000999]       .text : 0xc0100000 - 0xc02be0a9   (1784 kB)
[    0.000999] Checking if this processor honours the WP bit even in supervisor mode...Ok.
[    0.001015] Calibrating delay loop (skipped), value calculated using timer frequency.. 999.81 BogoMIPS (lpj=499908)
[    0.032585] Mount-cache hash table entries: 512
[    0.046554] CPU: L1 I Cache: 64K (32 bytes/line), D cache 64K (32 bytes/line)
[    0.067935] CPU: L2 Cache: 128K (32 bytes/line)
[    0.081535] CPU: Geode(TM) Integrated Processor by AMD PCS stepping 02
[    0.101668] Checking 'hlt' instruction... OK.
[    0.120196] net_namespace: 348 bytes
[    0.131141] NET: Registered protocol family 16
[    0.147421] PCI: PCI BIOS revision 2.10 entry at 0xede79, last bus=0
[    0.166458] PCI: Using configuration type 1 for base access
[    0.196507] bio: create slab <bio-0> at 0
[    0.210064] SCSI subsystem initialized
[    0.221752] usbcore: registered new interface driver usbfs
[    0.238503] usbcore: registered new interface driver hub
[    0.254637] usbcore: registered new device driver usb
[    0.270824] PCI: Probing PCI hardware
[    0.281801] PCI: Probing PCI hardware (bus 00)
[    0.288692] pci 0000:00:01.1: reg 10 32bit mmio: [0xe0000000-0xe0ffffff]
[    0.289158] pci 0000:00:01.1: reg 14 32bit mmio: [0xe1000000-0xe1003fff]
[    0.289710] pci 0000:00:01.1: reg 18 32bit mmio: [0xe1004000-0xe1007fff]
[    0.290292] pci 0000:00:01.1: reg 1c 32bit mmio: [0xe1008000-0xe100bfff]
[    0.290840] pci 0000:00:01.1: reg 20 32bit mmio: [0xe100c000-0xe100ffff]
[    0.294429] pci 0000:00:01.2: reg 10 32bit mmio: [0xe1010000-0xe1013fff]
[    0.299583] pci 0000:00:0d.0: reg 10 io port: [0xf800-0xf8ff]
[    0.299612] pci 0000:00:0d.0: reg 14 32bit mmio: [0xe1014000-0xe10140ff]
[    0.299688] pci 0000:00:0d.0: supports D1 D2
[    0.299706] pci 0000:00:0d.0: PME# supported from D1 D2 D3hot
[    0.317025] pci 0000:00:0d.0: PME# disabled
[    0.330688] pci 0000:00:0f.0: reg 10 io port: [0xf400-0xf407]
[    0.331291] pci 0000:00:0f.0: reg 14 io port: [0xf000-0xf0ff]
[    0.331850] pci 0000:00:0f.0: reg 18 io port: [0xec00-0xec3f]
[    0.332420] pci 0000:00:0f.0: reg 1c io port: [0xe800-0xe81f]
[    0.333022] pci 0000:00:0f.0: reg 20 io port: [0xe400-0xe47f]
[    0.333567] pci 0000:00:0f.0: reg 24 io port: [0x9c40-0x9c7f]
[    0.338838] pci 0000:00:0f.2: reg 20 io port: [0xdc00-0xdc0f]
[    0.342569] pci 0000:00:0f.3: reg 10 io port: [0xd800-0xd87f]
[    0.348311] pci 0000:00:0f.4: reg 10 32bit mmio: [0xe1015000-0xe1015fff]
[    0.354228] pci 0000:00:0f.5: reg 10 32bit mmio: [0xe1016000-0xe1016fff]
[    0.360378] pci 0000:00:0f.0: default IRQ router [1022:2090]
[    0.390040] Bluetooth: Core ver 2.14
[    0.401074] NET: Registered protocol family 31
[    0.414383] Bluetooth: HCI device and connection manager initialized
[    0.433418] Bluetooth: HCI socket layer initialized
[    0.449871] pci_bus 0000:00: resource 0 io:  [0x00-0xffff]
[    0.449893] pci_bus 0000:00: resource 1 mem: [0x000000-0xffffffff]
[    0.450071] NET: Registered protocol family 2
[    0.496168] IP route cache hash table entries: 2048 (order: 1, 8192 bytes)
[    0.517064] TCP established hash table entries: 8192 (order: 4, 65536 bytes)
[    0.538395] TCP bind hash table entries: 8192 (order: 5, 229376 bytes)
[    0.558423] TCP: Hash tables configured (established 8192 bind 8192)
[    0.577753] TCP reno registered
[    0.599159] NET: Registered protocol family 1
[    0.612424] checking if image is initramfs... it is
[    0.701944] Freeing initrd memory: 6651k freed
[    0.722677] platform rtc_cmos: registered platform RTC device (no PNP device found)
[    0.747381] scx200: NatSemi SCx200 Driver
[    0.761616] msgmni has been set to 461
[    0.778018] alg: No test for stdrng (krng)
[    0.791826] io scheduler noop registered
[    0.803594] io scheduler anticipatory registered
[    0.817425] io scheduler deadline registered
[    0.830284] io scheduler cfq registered (default)
[    1.017273] Non-volatile memory driver v1.3
[    1.029857] AMD Geode RNG detected
[    1.040353] scx200_gpio: no SCx200 gpio present
[    1.054364] nsc_gpio initializing
[    1.054399] cs5535_gpio: base=0xf000 mask=0xb003c66 major=253
[    1.054421] Serial: 8250/16550 driver, 4 ports, IRQ sharing enabled
[    1.073493] serial8250: ttyS0 at I/O 0x3f8 (irq = 4) is a 16550A
[    1.092341] serial8250: ttyS1 at I/O 0x2f8 (irq = 3) is a 16550A
[    1.112630] brd: module loaded
[    1.125118] loop: module loaded
[    1.134616] 8139too Fast Ethernet driver 0.9.28
[    1.149140] eth0: RealTek RTL8139 at 0xf800, 00:01:c0:0a:d3:11, IRQ 10
[    1.168701] eth0:  Identified 8139 chip type 'RTL-8100B/8139D'
[    1.168905] Linux video capture interface: v2.00
[    1.183094] Driver 'sd' needs updating - please use bus_type methods
[    1.202297] ehci_hcd: USB 2.0 'Enhanced' Host Controller (EHCI) Driver
[    1.222636] ehci_hcd 0000:00:0f.5: setting latency timer to 64
[    1.222753] ehci_hcd 0000:00:0f.5: EHCI Host Controller
[    1.238677] ehci_hcd 0000:00:0f.5: new USB bus registered, assigned bus number 1
[    1.282532] ehci_hcd 0000:00:0f.5: irq 5, io mem 0xe1016000
[    1.305047] ehci_hcd 0000:00:0f.5: USB 0.0 started, EHCI 1.00
[    1.323354] usb usb1: configuration #1 chosen from 1 choice
[    1.340328] hub 1-0:1.0: USB hub found
[    1.351857] hub 1-0:1.0: 4 ports detected
[    1.365361] ohci_hcd: USB 1.1 'Open' Host Controller (OHCI) Driver
[    1.384477] ohci_hcd 0000:00:0f.4: setting latency timer to 64
[    1.384594] ohci_hcd 0000:00:0f.4: OHCI Host Controller
[    1.400494] ohci_hcd 0000:00:0f.4: new USB bus registered, assigned bus number 2
[    1.422715] ohci_hcd 0000:00:0f.4: irq 5, io mem 0xe1015000
[    1.522684] usb usb2: configuration #1 chosen from 1 choice
[    1.540118] hub 2-0:1.0: USB hub found
[    1.551387] hub 2-0:1.0: 4 ports detected
[    1.640093] Initializing USB Mass Storage driver...
[    1.675627] usbcore: registered new interface driver usb-storage
[    1.693619] USB Mass Storage support registered.
[    1.715754] serio: i8042 KBD port at 0x60,0x64 irq 1
[    1.730927] serio: i8042 AUX port at 0x60,0x64 irq 12
[    1.746679] mice: PS/2 mouse device common for all mice
[    1.766080] rtc_cmos rtc_cmos: rtc core: registered rtc_cmos as rtc0
[    1.777068] usb 1-1: new high speed USB device using ehci_hcd and address 2
[    1.869092] rtc0: alarms up to one day, 114 bytes nvram
[    1.917538] i2c /dev entries driver
[    1.929209] geode-aes: GEODE AES engine enabled.
[    1.943436] Advanced Linux Sound Architecture Driver Version 1.0.18a.
[    1.964406] cs5535audio 0000:00:0f.3: setting latency timer to 64
[    1.965068] atkbd.c: Failed to enable keyboard on isa0060/serio0
[    1.984003] ALSA sound/pci/ac97/ac97_codec.c:2187: <6>input: AT Translated Set 2 keyboard as /class/input/input0
[    2.015851] DAC supports only 48000 Hz
[    2.027092] ALSA sound/pci/ac97/ac97_patch.c:1508: AD1819 specific code activated
[    2.049633] regs[AC97_EXTENDED_STATUS] = 9
[    2.053185] usb 1-1: configuration #1 chosen from 1 choice
[    2.059109] scsi0 : SCSI emulation for USB Mass Storage devices
[    2.063468] usb-storage: device found at 2
[    2.063480] usb-storage: waiting for device to settle before scanning
[    2.198853] ALSA device list:
[    2.207741]   #0: CS5535 Audio cs5535audio at 0xd800, irq 10
[    2.224736] TCP cubic registered
[    2.234414] NET: Registered protocol family 17
[    2.248188] Using IPI Shortcut mode
[    2.260089] rtc_cmos rtc_cmos: setting system clock to 2011-10-13 13:23:53 UTC (1318512233)
[    2.284066] usb 1-2: new high speed USB device using ehci_hcd and address 3
[    2.401711] BIOS EDD facility v0.16 2004-Jun-25, 1 devices found
[    2.420208] Freeing unused kernel memory: 216k freed
[    2.531433] usb 1-2: configuration #1 chosen from 1 choice
[    2.755055] usb 1-3: new high speed USB device using ehci_hcd and address 4
[    2.992451] usb 1-3: configuration #1 chosen from 1 choice
[    3.009732] scsi1 : SCSI emulation for USB Mass Storage devices
[    3.028062] usb-storage: device found at 4
[    3.028076] usb-storage: waiting for device to settle before scanning
[    3.382836] scsi 0:0:0:0: Direct-Access     Kingmax  USB2.0 FlashDisk 1100 PQ: 0 ANSI: 0 CCS
[    3.415009] sd 0:0:0:0: [sda] 7858176 512-byte hardware sectors: (4.02 GB/3.74 GiB)
[    3.439247] sd 0:0:0:0: [sda] Write Protect is off
[    3.453620] sd 0:0:0:0: [sda] Mode Sense: 43 00 00 00
[    3.453637] sd 0:0:0:0: [sda] Assuming drive cache: write through
[    3.488886] sd 0:0:0:0: [sda] 7858176 512-byte hardware sectors: (4.02 GB/3.74 GiB)
[    3.531999] sd 0:0:0:0: [sda] Write Protect is off
[    3.551915] sd 0:0:0:0: [sda] Mode Sense: 43 00 00 00
[    3.551932] sd 0:0:0:0: [sda] Assuming drive cache: write through
[    3.570449]  sda: sda1 sda2
[    3.580934] sd 0:0:0:0: [sda] Attached SCSI removable disk
[    3.598564] usb-storage: device scan complete
[    3.658055] usb 2-4: new full speed USB device using ohci_hcd and address 2
[    3.924550] usb 2-4: configuration #1 chosen from 1 choice
[    4.029355] scsi 1:0:0:0: Direct-Access     CompuLab USB NAND FLASH   1100 PQ: 0 ANSI: 0 CCS
[    4.057276] sd 1:0:0:0: [sdb] 246784 512-byte hardware sectors: (126 MB/120 MiB)
[    4.080390] sd 1:0:0:0: [sdb] Write Protect is off
[    4.094820] sd 1:0:0:0: [sdb] Mode Sense: 43 00 00 00
[    4.094838] sd 1:0:0:0: [sdb] Assuming drive cache: write through
[    4.115776] sd 1:0:0:0: [sdb] 246784 512-byte hardware sectors: (126 MB/120 MiB)
[    4.138890] sd 1:0:0:0: [sdb] Write Protect is off
[    4.153390] sd 1:0:0:0: [sdb] Mode Sense: 43 00 00 00
[    4.153407] sd 1:0:0:0: [sdb] Assuming drive cache: write through
[    4.171740]  sdb: sdb1
[    4.180610] sd 1:0:0:0: [sdb] Attached SCSI removable disk
[    4.198213] usb-storage: device scan complete
[    8.899664] i2c_serial [i2c_serio_init]: I2C serio driver ver 1.15
[    8.923654] serio: Serial port ttyS1
[    8.935528] i2c_serial [i2c_connect]: I2C over serial port registered.
[    8.987050] i2c_serial [i2c_connect]: PSoC firmware version '2.05'.
[   13.406079] kjournald starting.  Commit interval 5 seconds
[   13.422578] EXT3-fs warning: checktime reached, running e2fsck is recommended
[   14.004980] EXT3 FS on sda2, internal journal
[   14.018123] EXT3-fs: recovery complete.
[   14.033970] EXT3-fs: mounted filesystem with ordered data mode.
[   14.071137] kjournald starting.  Commit interval 5 seconds
[   14.091847] EXT3 FS on sda1, internal journal
[   14.105428] EXT3-fs: mounted filesystem with ordered data mode.
[   15.299960] udevd version 124 started
[   15.489656] i2c-adapter i2c-1: Assuming LM99 chip at 0x4c
[   15.516447] i2c-adapter i2c-1: If it is an LM89, pass force_lm86=1,0x4c when loading the lm90 driver
[   18.019052] AMD LX Cimarron Support Module 01.03.0100
[   18.043817] rtusb init --->
[   18.044476] 
[   18.044482] 
[   18.044488] === pAd = cf58f000, size = 504496 ===
[   18.044497] 
[   18.045106] <-- RTMPAllocAdapterBlock, Status=0
[   18.045469] ra0 (usb): not using net_device_ops yet
[   18.047086] usbcore: registered new interface driver rt2870
[   18.074719] udev: renamed network interface ra0 to wlan0
[   18.231079] cimarron 0000:00:01.1: enabling device (0000 -> 0002)
[   20.173172] kjournald starting.  Commit interval 5 seconds
[   20.191678] EXT3 FS on sda2, internal journal
[   20.204808] EXT3-fs: mounted filesystem with ordered data mode.
[   21.759818] kjournald starting.  Commit interval 5 seconds
[   21.777004] EXT3 FS on sdb1, internal journal
[   21.790390] EXT3-fs: mounted filesystem with ordered data mode.
[   21.871225] Bluetooth: L2CAP ver 2.11
[   21.882725] Bluetooth: L2CAP socket layer initialized
[   21.928353] Bluetooth: RFCOMM socket layer initialized
[   21.943949] Bluetooth: RFCOMM ver 1.10
[   22.603368] Generic kernel compatibility enabled based on linux-2.6.33-rc4
[   22.793221] cfg80211: Calling CRDA to update world regulatory domain
[   22.965442] usbcore: registered new interface driver zd1211rw
[   23.016473] usbcore: registered new interface driver cdc_acm
[   23.037211] cdc_acm: v0.26:USB Abstract Control Model driver for USB modems and ISDN adapters
[   23.842212] AMD Linux LX video2linux/2 driver 3.2.0100
[   23.858646] Found Geode LX VIP at IRQ 11
[   23.876323] OmniVision ov7670 sensor driver, at your service (v 2.00)
[   23.904085] ov7670/1: driver attached: adapter id: 10002
[   23.920430] Trying to detect OmniVision 7670/7672 I2C adapters
[   25.813292] ov7670_init returned 0
[   25.813305] Phase 1
[   25.815572] Phase 2
[   25.815581] Phase 3
[   25.817861] Phase 4
[   25.817870] Phase 5
[   25.820178] Phase 6
[   25.820187] Phase 7
[   25.822459] Phase 8
[   25.822468] Phase 9
[   25.822477] OmniVision 7670/7671 I2C Found
[   25.835588] ov7670/1: driver attached: adapter id: 0
[   26.446212] <-- RTMPAllocTxRxRingMemory, Status=0
[   26.462477] -->RTUSBVenderReset
[   26.471979] <--RTUSBVenderReset
[   26.766568] 1. Phy Mode = 9
[   26.774944] 2. Phy Mode = 9
[   26.783317] NVM is Efuse and its size =2d[2d0-2fc] 
[   26.853499] RTMPSetPhyMode: channel is out of range, use first channel=1 
[   26.891994] 3. Phy Mode = 9
[   26.980879] MCS Set = ff 00 00 00 01
[   27.004517] <==== rt28xx_init, Status=0
[   27.017500] 0x1300 = 00064300
[   27.223487] eth0: link up, 100Mbps, full-duplex, lpa 0xC5E1
[   32.387354] ===>rt_ioctl_giwscan. 12(12) BSS returned, data->length = 1678
[   63.526101] spurious 8259A interrupt: IRQ7.
[   72.145707] soap_serve[1682]: segfault at 14 ip b1f36ee8 sp b7470ef0 error 4 in libaltts.so[b1f18000+2a000]
[  155.241425] ===>rt_ioctl_giwscan. 10(10) BSS returned, data->length = 1468
[  176.263333] ===>rt_ioctl_giwscan. 11(11) BSS returned, data->length = 1570
[  407.421351] ===>rt_ioctl_giwscan. 11(11) BSS returned, data->length = 1576
[  440.974950] eth0: link down
[  446.015336] ===>rt_ioctl_giwscan. 10(10) BSS returned, data->length = 1474
[  702.524887] eth0: link up, 100Mbps, full-duplex, lpa 0xC5E1
[  746.691336] ===>rt_ioctl_giwscan. 10(10) BSS returned, data->length = 1474
