Oct 13 13:24:19 nao syslog.info syslogd started: BusyBox v1.15.2
Oct 13 13:24:19 nao user.notice kernel: klogd started: BusyBox v1.15.2 (2010-10-06 08:39:43 UTC)
Oct 13 13:24:19 nao user.info kernel: one PFN ranges:
Oct 13 13:24:19 nao user.warn kernel: [    0.000000]   DMA      0x00000000 -> 0x00001000
Oct 13 13:24:19 nao user.warn kernel: [    0.000000]   Normal   0x00001000 -> 0x0000ebe6
Oct 13 13:24:19 nao user.warn kernel: [    0.000000] Movable zone start PFN for each node
Oct 13 13:24:19 nao user.warn kernel: [    0.000000] early_node_map[2] active PFN ranges
Oct 13 13:24:19 nao user.warn kernel: [    0.000000]     0: 0x00000000 -> 0x0000009d
Oct 13 13:24:19 nao user.warn kernel: [    0.000000]     0: 0x00000100 -> 0x0000ebe6
Oct 13 13:24:19 nao user.debug kernel: [    0.000000] On node 0 totalpages: 60291
Oct 13 13:24:19 nao user.debug kernel: [    0.000000] free_area_init_node: node 0, pgdat c038eed0, node_mem_map c1000000
Oct 13 13:24:19 nao user.debug kernel: [    0.000000]   DMA zone: 32 pages used for memmap
Oct 13 13:24:19 nao user.debug kernel: [    0.000000]   DMA zone: 0 pages reserved
Oct 13 13:24:19 nao user.debug kernel: [    0.000000]   DMA zone: 3965 pages, LIFO batch:0
Oct 13 13:24:19 nao user.debug kernel: [    0.000000]   Normal zone: 440 pages used for memmap
Oct 13 13:24:19 nao user.debug kernel: [    0.000000]   Normal zone: 55854 pages, LIFO batch:15
Oct 13 13:24:19 nao user.info kernel: [    0.000000] Using APIC driver default
Oct 13 13:24:19 nao user.info kernel: [    0.000000] No local APIC present or hardware disabled
Oct 13 13:24:19 nao user.debug kernel: [    0.000000] nr_irqs_gsi: 16
Oct 13 13:24:19 nao user.info kernel: [    0.000000] Allocating PCI resources starting at 20000000 (gap: 10000000:eff00000)
Oct 13 13:24:19 nao user.warn kernel: [    0.000000] Real-Time Preemption Support (C) 2004-2007 Ingo Molnar
Oct 13 13:24:19 nao user.warn kernel: [    0.000000] Built 1 zonelists in Zone order, mobility grouping on.  Total pages: 59819
Oct 13 13:24:19 nao user.notice kernel: [    0.000000] Kernel command line: root=UUID=42424242-1120-1120-1120-424242424242 ro console=ttyS0,38400n8 profile usb-storage.delay_use=1 panic=1
Oct 13 13:24:19 nao user.info kernel: [    0.000000] Initializing CPU#0
Oct 13 13:24:19 nao user.notice kernel: [    0.000000] Preemptible RCU implementation.
Oct 13 13:24:19 nao user.info kernel: [    0.000000] NR_IRQS:288
Oct 13 13:24:19 nao user.warn kernel: [    0.000000] PID hash table entries: 1024 (order: 10, 4096 bytes)
Oct 13 13:24:19 nao user.warn kernel: [    0.000000] Fast TSC calibration using PIT
Oct 13 13:24:19 nao user.warn kernel: [    0.000000] Detected 499.908 MHz processor.
Oct 13 13:24:19 nao user.warn kernel: [    0.000999] Console: colour dummy device 80x25
Oct 13 13:24:19 nao user.info kernel: [    0.000999] console [ttyS0] enabled
Oct 13 13:24:19 nao user.info kernel: [    0.000999] Dentry cache hash table entries: 32768 (order: 5, 131072 bytes)
Oct 13 13:24:19 nao user.info kernel: [    0.000999] Inode-cache hash table entries: 16384 (order: 4, 65536 bytes)
Oct 13 13:24:19 nao user.info kernel: [    0.000999] Memory: 229156k/241560k available (1784k kernel code, 11780k reserved, 861k data, 216k init, 0k highmem)
Oct 13 13:24:19 nao user.info kernel: [    0.000999] virtual kernel memory layout:
Oct 13 13:24:19 nao user.info kernel: [    0.000999]     fixmap  : 0xfffab000 - 0xfffff000   ( 336 kB)
Oct 13 13:24:19 nao user.info kernel: [    0.000999]     vmalloc : 0xcf3e6000 - 0xfffa9000   ( 779 MB)
Oct 13 13:24:19 nao user.info kernel: [    0.000999]     lowmem  : 0xc0000000 - 0xcebe6000   ( 235 MB)
Oct 13 13:24:19 nao user.info kernel: [    0.000999]       .init : 0xc0398000 - 0xc03ce000   ( 216 kB)
Oct 13 13:24:19 nao user.info kernel: [    0.000999]       .data : 0xc02be0a9 - 0xc03954f8   ( 861 kB)
Oct 13 13:24:19 nao user.info kernel: [    0.000999]       .text : 0xc0100000 - 0xc02be0a9   (1784 kB)
Oct 13 13:24:19 nao user.info kernel: [    0.000999] Checking if this processor honours the WP bit even in supervisor mode...Ok.
Oct 13 13:24:19 nao user.info kernel: [    0.001015] Calibrating delay loop (skipped), value calculated using timer frequency.. 999.81 BogoMIPS (lpj=499908)
Oct 13 13:24:19 nao user.warn kernel: [    0.032585] Mount-cache hash table entries: 512
Oct 13 13:24:19 nao user.info kernel: [    0.046554] CPU: L1 I Cache: 64K (32 bytes/line), D cache 64K (32 bytes/line)
Oct 13 13:24:19 nao user.info kernel: [    0.067935] CPU: L2 Cache: 128K (32 bytes/line)
Oct 13 13:24:19 nao user.warn kernel: [    0.081535] CPU: Geode(TM) Integrated Processor by AMD PCS stepping 02
Oct 13 13:24:19 nao user.info kernel: [    0.101668] Checking 'hlt' instruction... OK.
Oct 13 13:24:19 nao user.info kernel: [    0.120196] net_namespace: 348 bytes
Oct 13 13:24:19 nao user.info kernel: [    0.131141] NET: Registered protocol family 16
Oct 13 13:24:19 nao user.info kernel: [    0.147421] PCI: PCI BIOS revision 2.10 entry at 0xede79, last bus=0
Oct 13 13:24:19 nao user.info kernel: [    0.166458] PCI: Using configuration type 1 for base access
Oct 13 13:24:19 nao user.warn kernel: [    0.196507] bio: create slab <bio-0> at 0
Oct 13 13:24:19 nao user.notice kernel: [    0.210064] SCSI subsystem initialized
Oct 13 13:24:19 nao user.info kernel: [    0.221752] usbcore: registered new interface driver usbfs
Oct 13 13:24:19 nao user.info kernel: [    0.238503] usbcore: registered new interface driver hub
Oct 13 13:24:19 nao user.info kernel: [    0.254637] usbcore: registered new device driver usb
Oct 13 13:24:19 nao user.warn kernel: [    0.270824] PCI: Probing PCI hardware
Oct 13 13:24:19 nao user.debug kernel: [    0.281801] PCI: Probing PCI hardware (bus 00)
Oct 13 13:24:19 nao user.debug kernel: [    0.288692] pci 0000:00:01.1: reg 10 32bit mmio: [0xe0000000-0xe0ffffff]
Oct 13 13:24:19 nao user.debug kernel: [    0.289158] pci 0000:00:01.1: reg 14 32bit mmio: [0xe1000000-0xe1003fff]
Oct 13 13:24:19 nao user.debug kernel: [    0.289710] pci 0000:00:01.1: reg 18 32bit mmio: [0xe1004000-0xe1007fff]
Oct 13 13:24:19 nao user.debug kernel: [    0.290292] pci 0000:00:01.1: reg 1c 32bit mmio: [0xe1008000-0xe100bfff]
Oct 13 13:24:19 nao user.debug kernel: [    0.290840] pci 0000:00:01.1: reg 20 32bit mmio: [0xe100c000-0xe100ffff]
Oct 13 13:24:19 nao user.debug kernel: [    0.294429] pci 0000:00:01.2: reg 10 32bit mmio: [0xe1010000-0xe1013fff]
Oct 13 13:24:19 nao user.debug kernel: [    0.299583] pci 0000:00:0d.0: reg 10 io port: [0xf800-0xf8ff]
Oct 13 13:24:19 nao user.debug kernel: [    0.299612] pci 0000:00:0d.0: reg 14 32bit mmio: [0xe1014000-0xe10140ff]
Oct 13 13:24:19 nao user.debug kernel: [    0.299688] pci 0000:00:0d.0: supports D1 D2
Oct 13 13:24:19 nao user.info kernel: [    0.299706] pci 0000:00:0d.0: PME# supported from D1 D2 D3hot
Oct 13 13:24:19 nao user.info kernel: [    0.317025] pci 0000:00:0d.0: PME# disabled
Oct 13 13:24:19 nao user.debug kernel: [    0.330688] pci 0000:00:0f.0: reg 10 io port: [0xf400-0xf407]
Oct 13 13:24:19 nao user.debug kernel: [    0.331291] pci 0000:00:0f.0: reg 14 io port: [0xf000-0xf0ff]
Oct 13 13:24:19 nao user.debug kernel: [    0.331850] pci 0000:00:0f.0: reg 18 io port: [0xec00-0xec3f]
Oct 13 13:24:19 nao user.debug kernel: [    0.332420] pci 0000:00:0f.0: reg 1c io port: [0xe800-0xe81f]
Oct 13 13:24:19 nao user.debug kernel: [    0.333022] pci 0000:00:0f.0: reg 20 io port: [0xe400-0xe47f]
Oct 13 13:24:19 nao user.debug kernel: [    0.333567] pci 0000:00:0f.0: reg 24 io port: [0x9c40-0x9c7f]
Oct 13 13:24:19 nao user.debug kernel: [    0.338838] pci 0000:00:0f.2: reg 20 io port: [0xdc00-0xdc0f]
Oct 13 13:24:19 nao user.debug kernel: [    0.342569] pci 0000:00:0f.3: reg 10 io port: [0xd800-0xd87f]
Oct 13 13:24:19 nao user.debug kernel: [    0.348311] pci 0000:00:0f.4: reg 10 32bit mmio: [0xe1015000-0xe1015fff]
Oct 13 13:24:19 nao user.debug kernel: [    0.354228] pci 0000:00:0f.5: reg 10 32bit mmio: [0xe1016000-0xe1016fff]
Oct 13 13:24:19 nao user.info kernel: [    0.360378] pci 0000:00:0f.0: default IRQ router [1022:2090]
Oct 13 13:24:19 nao user.info kernel: [    0.390040] Bluetooth: Core ver 2.14
Oct 13 13:24:19 nao user.info kernel: [    0.401074] NET: Registered protocol family 31
Oct 13 13:24:19 nao user.info kernel: [    0.414383] Bluetooth: HCI device and connection manager initialized
Oct 13 13:24:19 nao user.info kernel: [    0.433418] Bluetooth: HCI socket layer initialized
Oct 13 13:24:19 nao user.debug kernel: [    0.449871] pci_bus 0000:00: resource 0 io:  [0x00-0xffff]
Oct 13 13:24:19 nao user.debug kernel: [    0.449893] pci_bus 0000:00: resource 1 mem: [0x000000-0xffffffff]
Oct 13 13:24:19 nao user.info kernel: [    0.450071] NET: Registered protocol family 2
Oct 13 13:24:19 nao user.info kernel: [    0.496168] IP route cache hash table entries: 2048 (order: 1, 8192 bytes)
Oct 13 13:24:19 nao user.info kernel: [    0.517064] TCP established hash table entries: 8192 (order: 4, 65536 bytes)
Oct 13 13:24:19 nao user.info kernel: [    0.538395] TCP bind hash table entries: 8192 (order: 5, 229376 bytes)
Oct 13 13:24:19 nao user.info kernel: [    0.558423] TCP: Hash tables configured (established 8192 bind 8192)
Oct 13 13:24:19 nao user.info kernel: [    0.577753] TCP reno registered
Oct 13 13:24:19 nao user.info kernel: [    0.599159] NET: Registered protocol family 1
Oct 13 13:24:19 nao user.info kernel: [    0.612424] checking if image is initramfs... it is
Oct 13 13:24:19 nao user.info kernel: [    0.701944] Freeing initrd memory: 6651k freed
Oct 13 13:24:19 nao user.info kernel: [    0.722677] platform rtc_cmos: registered platform RTC device (no PNP device found)
Oct 13 13:24:19 nao user.info kernel: [    0.747381] scx200: NatSemi SCx200 Driver
Oct 13 13:24:19 nao user.info kernel: [    0.761616] msgmni has been set to 461
Oct 13 13:24:19 nao user.info kernel: [    0.778018] alg: No test for stdrng (krng)
Oct 13 13:24:19 nao user.info kernel: [    0.791826] io scheduler noop registered
Oct 13 13:24:19 nao user.info kernel: [    0.803594] io scheduler anticipatory registered
Oct 13 13:24:19 nao user.info kernel: [    0.817425] io scheduler deadline registered
Oct 13 13:24:19 nao user.info kernel: [    0.830284] io scheduler cfq registered (default)
Oct 13 13:24:19 nao user.info kernel: [    1.017273] Non-volatile memory driver v1.3
Oct 13 13:24:19 nao user.info kernel: [    1.029857] AMD Geode RNG detected
Oct 13 13:24:19 nao user.err kernel: [    1.040353] scx200_gpio: no SCx200 gpio present
Oct 13 13:24:19 nao user.debug kernel: [    1.054364] nsc_gpio initializing
Oct 13 13:24:19 nao user.debug kernel: [    1.054399] cs5535_gpio: base=0xf000 mask=0xb003c66 major=253
Oct 13 13:24:19 nao user.info kernel: [    1.054421] Serial: 8250/16550 driver, 4 ports, IRQ sharing enabled
Oct 13 13:24:19 nao user.info kernel: [    1.073493] serial8250: ttyS0 at I/O 0x3f8 (irq = 4) is a 16550A
Oct 13 13:24:19 nao user.info kernel: [    1.092341] serial8250: ttyS1 at I/O 0x2f8 (irq = 3) is a 16550A
Oct 13 13:24:19 nao user.info kernel: [    1.112630] brd: module loaded
Oct 13 13:24:19 nao user.info kernel: [    1.125118] loop: module loaded
Oct 13 13:24:19 nao user.info kernel: [    1.134616] 8139too Fast Ethernet driver 0.9.28
Oct 13 13:24:19 nao user.info kernel: [    1.149140] eth0: RealTek RTL8139 at 0xf800, 00:01:c0:0a:d3:11, IRQ 10
Oct 13 13:24:19 nao user.debug kernel: [    1.168701] eth0:  Identified 8139 chip type 'RTL-8100B/8139D'
Oct 13 13:24:19 nao user.info kernel: [    1.168905] Linux video capture interface: v2.00
Oct 13 13:24:19 nao user.warn kernel: [    1.183094] Driver 'sd' needs updating - please use bus_type methods
Oct 13 13:24:19 nao user.info kernel: [    1.202297] ehci_hcd: USB 2.0 'Enhanced' Host Controller (EHCI) Driver
Oct 13 13:24:19 nao user.debug kernel: [    1.222636] ehci_hcd 0000:00:0f.5: setting latency timer to 64
Oct 13 13:24:19 nao user.info kernel: [    1.222753] ehci_hcd 0000:00:0f.5: EHCI Host Controller
Oct 13 13:24:19 nao user.info kernel: [    1.238677] ehci_hcd 0000:00:0f.5: new USB bus registered, assigned bus number 1
Oct 13 13:24:19 nao user.info kernel: [    1.282532] ehci_hcd 0000:00:0f.5: irq 5, io mem 0xe1016000
Oct 13 13:24:19 nao user.info kernel: [    1.305047] ehci_hcd 0000:00:0f.5: USB 0.0 started, EHCI 1.00
Oct 13 13:24:19 nao user.info kernel: [    1.323354] usb usb1: configuration #1 chosen from 1 choice
Oct 13 13:24:19 nao user.info kernel: [    1.340328] hub 1-0:1.0: USB hub found
Oct 13 13:24:19 nao user.info kernel: [    1.351857] hub 1-0:1.0: 4 ports detected
Oct 13 13:24:19 nao user.info kernel: [    1.365361] ohci_hcd: USB 1.1 'Open' Host Controller (OHCI) Driver
Oct 13 13:24:19 nao user.debug kernel: [    1.384477] ohci_hcd 0000:00:0f.4: setting latency timer to 64
Oct 13 13:24:19 nao user.info kernel: [    1.384594] ohci_hcd 0000:00:0f.4: OHCI Host Controller
Oct 13 13:24:19 nao user.info kernel: [    1.400494] ohci_hcd 0000:00:0f.4: new USB bus registered, assigned bus number 2
Oct 13 13:24:19 nao user.info kernel: [    1.422715] ohci_hcd 0000:00:0f.4: irq 5, io mem 0xe1015000
Oct 13 13:24:19 nao user.info kernel: [    1.522684] usb usb2: configuration #1 chosen from 1 choice
Oct 13 13:24:19 nao user.info kernel: [    1.540118] hub 2-0:1.0: USB hub found
Oct 13 13:24:19 nao user.info kernel: [    1.551387] hub 2-0:1.0: 4 ports detected
Oct 13 13:24:19 nao user.info kernel: [    1.640093] Initializing USB Mass Storage driver...
Oct 13 13:24:19 nao user.info kernel: [    1.675627] usbcore: registered new interface driver usb-storage
Oct 13 13:24:19 nao user.info kernel: [    1.693619] USB Mass Storage support registered.
Oct 13 13:24:19 nao user.info kernel: [    1.715754] serio: i8042 KBD port at 0x60,0x64 irq 1
Oct 13 13:24:19 nao user.info kernel: [    1.730927] serio: i8042 AUX port at 0x60,0x64 irq 12
Oct 13 13:24:19 nao user.info kernel: [    1.746679] mice: PS/2 mouse device common for all mice
Oct 13 13:24:19 nao user.info kernel: [    1.766080] rtc_cmos rtc_cmos: rtc core: registered rtc_cmos as rtc0
Oct 13 13:24:19 nao user.info kernel: [    1.777068] usb 1-1: new high speed USB device using ehci_hcd and address 2
Oct 13 13:24:19 nao user.info kernel: [    1.869092] rtc0: alarms up to one day, 114 bytes nvram
Oct 13 13:24:19 nao user.info kernel: [    1.917538] i2c /dev entries driver
Oct 13 13:24:19 nao user.notice kernel: [    1.929209] geode-aes: GEODE AES engine enabled.
Oct 13 13:24:19 nao user.info kernel: [    1.943436] Advanced Linux Sound Architecture Driver Version 1.0.18a.
Oct 13 13:24:19 nao user.debug kernel: [    1.964406] cs5535audio 0000:00:0f.3: setting latency timer to 64
Oct 13 13:24:19 nao user.err kernel: [    1.965068] atkbd.c: Failed to enable keyboard on isa0060/serio0
Oct 13 13:24:19 nao user.info kernel: [    1.984003] ALSA sound/pci/ac97/ac97_codec.c:2187: <6>input: AT Translated Set 2 keyboard as /class/input/input0
Oct 13 13:24:19 nao user.warn kernel: [    2.015851] DAC supports only 48000 Hz
Oct 13 13:24:19 nao user.info kernel: [    2.027092] ALSA sound/pci/ac97/ac97_patch.c:1508: AD1819 specific code activated
Oct 13 13:24:19 nao user.info kernel: [    2.049633] regs[AC97_EXTENDED_STATUS] = 9
Oct 13 13:24:19 nao user.info kernel: [    2.053185] usb 1-1: configuration #1 chosen from 1 choice
Oct 13 13:24:19 nao user.info kernel: [    2.059109] scsi0 : SCSI emulation for USB Mass Storage devices
Oct 13 13:24:19 nao user.debug kernel: [    2.063468] usb-storage: device found at 2
Oct 13 13:24:19 nao user.debug kernel: [    2.063480] usb-storage: waiting for device to settle before scanning
Oct 13 13:24:19 nao user.info kernel: [    2.198853] ALSA device list:
Oct 13 13:24:19 nao user.info kernel: [    2.207741]   #0: CS5535 Audio cs5535audio at 0xd800, irq 10
Oct 13 13:24:19 nao user.info kernel: [    2.224736] TCP cubic registered
Oct 13 13:24:19 nao user.info kernel: [    2.234414] NET: Registered protocol family 17
Oct 13 13:24:19 nao user.info kernel: [    2.248188] Using IPI Shortcut mode
Oct 13 13:24:19 nao user.info kernel: [    2.260089] rtc_cmos rtc_cmos: setting system clock to 2011-10-13 13:23:53 UTC (1318512233)
Oct 13 13:24:19 nao user.info kernel: [    2.284066] usb 1-2: new high speed USB device using ehci_hcd and address 3
Oct 13 13:24:19 nao user.info kernel: [    2.401711] BIOS EDD facility v0.16 2004-Jun-25, 1 devices found
Oct 13 13:24:19 nao user.info kernel: [    2.420208] Freeing unused kernel memory: 216k freed
Oct 13 13:24:19 nao user.info kernel: [    2.531433] usb 1-2: configuration #1 chosen from 1 choice
Oct 13 13:24:19 nao user.info kernel: [    2.755055] usb 1-3: new high speed USB device using ehci_hcd and address 4
Oct 13 13:24:19 nao user.info kernel: [    2.992451] usb 1-3: configuration #1 chosen from 1 choice
Oct 13 13:24:19 nao user.info kernel: [    3.009732] scsi1 : SCSI emulation for USB Mass Storage devices
Oct 13 13:24:19 nao user.debug kernel: [    3.028062] usb-storage: device found at 4
Oct 13 13:24:19 nao user.debug kernel: [    3.028076] usb-storage: waiting for device to settle before scanning
Oct 13 13:24:19 nao user.notice kernel: [    3.382836] scsi 0:0:0:0: Direct-Access     Kingmax  USB2.0 FlashDisk 1100 PQ: 0 ANSI: 0 CCS
Oct 13 13:24:19 nao user.notice kernel: [    3.415009] sd 0:0:0:0: [sda] 7858176 512-byte hardware sectors: (4.02 GB/3.74 GiB)
Oct 13 13:24:19 nao user.notice kernel: [    3.439247] sd 0:0:0:0: [sda] Write Protect is off
Oct 13 13:24:19 nao user.debug kernel: [    3.453620] sd 0:0:0:0: [sda] Mode Sense: 43 00 00 00
Oct 13 13:24:19 nao user.err kernel: [    3.453637] sd 0:0:0:0: [sda] Assuming drive cache: write through
Oct 13 13:24:19 nao user.notice kernel: [    3.488886] sd 0:0:0:0: [sda] 7858176 512-byte hardware sectors: (4.02 GB/3.74 GiB)
Oct 13 13:24:19 nao user.notice kernel: [    3.531999] sd 0:0:0:0: [sda] Write Protect is off
Oct 13 13:24:19 nao user.debug kernel: [    3.551915] sd 0:0:0:0: [sda] Mode Sense: 43 00 00 00
Oct 13 13:24:19 nao user.err kernel: [    3.551932] sd 0:0:0:0: [sda] Assuming drive cache: write through
Oct 13 13:24:19 nao user.info kernel: [    3.570449]  sda: sda1 sda2
Oct 13 13:24:19 nao user.notice kernel: [    3.580934] sd 0:0:0:0: [sda] Attached SCSI removable disk
Oct 13 13:24:19 nao user.debug kernel: [    3.598564] usb-storage: device scan complete
Oct 13 13:24:19 nao user.info kernel: [    3.658055] usb 2-4: new full speed USB device using ohci_hcd and address 2
Oct 13 13:24:19 nao user.info kernel: [    3.924550] usb 2-4: configuration #1 chosen from 1 choice
Oct 13 13:24:19 nao user.notice kernel: [    4.029355] scsi 1:0:0:0: Direct-Access     CompuLab USB NAND FLASH   1100 PQ: 0 ANSI: 0 CCS
Oct 13 13:24:19 nao user.notice kernel: [    4.057276] sd 1:0:0:0: [sdb] 246784 512-byte hardware sectors: (126 MB/120 MiB)
Oct 13 13:24:19 nao user.notice kernel: [    4.080390] sd 1:0:0:0: [sdb] Write Protect is off
Oct 13 13:24:19 nao user.debug kernel: [    4.094820] sd 1:0:0:0: [sdb] Mode Sense: 43 00 00 00
Oct 13 13:24:19 nao user.err kernel: [    4.094838] sd 1:0:0:0: [sdb] Assuming drive cache: write through
Oct 13 13:24:19 nao user.notice kernel: [    4.115776] sd 1:0:0:0: [sdb] 246784 512-byte hardware sectors: (126 MB/120 MiB)
Oct 13 13:24:19 nao user.notice kernel: [    4.138890] sd 1:0:0:0: [sdb] Write Protect is off
Oct 13 13:24:19 nao user.debug kernel: [    4.153390] sd 1:0:0:0: [sdb] Mode Sense: 43 00 00 00
Oct 13 13:24:19 nao user.err kernel: [    4.153407] sd 1:0:0:0: [sdb] Assuming drive cache: write through
Oct 13 13:24:19 nao user.info kernel: [    4.171740]  sdb: sdb1
Oct 13 13:24:19 nao user.notice kernel: [    4.180610] sd 1:0:0:0: [sdb] Attached SCSI removable disk
Oct 13 13:24:19 nao user.debug kernel: [    4.198213] usb-storage: device scan complete
Oct 13 13:24:19 nao user.info kernel: [    8.899664] i2c_serial [i2c_serio_init]: I2C serio driver ver 1.15
Oct 13 13:24:19 nao user.info kernel: [    8.923654] serio: Serial port ttyS1
Oct 13 13:24:19 nao user.info kernel: [    8.935528] i2c_serial [i2c_connect]: I2C over serial port registered.
Oct 13 13:24:19 nao user.info kernel: [    8.987050] i2c_serial [i2c_connect]: PSoC firmware version '2.05'.
Oct 13 13:24:19 nao user.info kernel: [   13.406079] kjournald starting.  Commit interval 5 seconds
Oct 13 13:24:19 nao user.warn kernel: [   13.422578] EXT3-fs warning: checktime reached, running e2fsck is recommended
Oct 13 13:24:19 nao user.info kernel: [   14.004980] EXT3 FS on sda2, internal journal
Oct 13 13:24:19 nao user.info kernel: [   14.018123] EXT3-fs: recovery complete.
Oct 13 13:24:19 nao user.info kernel: [   14.033970] EXT3-fs: mounted filesystem with ordered data mode.
Oct 13 13:24:19 nao user.info kernel: [   14.071137] kjournald starting.  Commit interval 5 seconds
Oct 13 13:24:19 nao user.info kernel: [   14.091847] EXT3 FS on sda1, internal journal
Oct 13 13:24:19 nao user.info kernel: [   14.105428] EXT3-fs: mounted filesystem with ordered data mode.
Oct 13 13:24:19 nao user.info kernel: [   15.299960] udevd version 124 started
Oct 13 13:24:19 nao user.info kernel: [   15.489656] i2c-adapter i2c-1: Assuming LM99 chip at 0x4c
Oct 13 13:24:19 nao user.info kernel: [   15.516447] i2c-adapter i2c-1: If it is an LM89, pass force_lm86=1,0x4c when loading the lm90 driver
Oct 13 13:24:19 nao user.info kernel: [   18.019052] AMD LX Cimarron Support Module 01.03.0100
Oct 13 13:24:19 nao user.warn kernel: [   18.043817] rtusb init --->
Oct 13 13:24:19 nao user.warn kernel: [   18.044476] 
Oct 13 13:24:19 nao user.warn kernel: [   18.044482] 
Oct 13 13:24:19 nao user.warn kernel: [   18.044488] === pAd = cf58f000, size = 504496 ===
Oct 13 13:24:19 nao user.warn kernel: [   18.044497] 
Oct 13 13:24:19 nao user.warn kernel: [   18.045106] <-- RTMPAllocAdapterBlock, Status=0
Oct 13 13:24:19 nao user.info kernel: [   18.045469] ra0 (usb): not using net_device_ops yet
Oct 13 13:24:19 nao user.info kernel: [   18.047086] usbcore: registered new interface driver rt2870
Oct 13 13:24:19 nao user.info kernel: [   18.074719] udev: renamed network interface ra0 to wlan0
Oct 13 13:24:19 nao user.info kernel: [   18.231079] cimarron 0000:00:01.1: enabling device (0000 -> 0002)
Oct 13 13:24:19 nao user.info kernel: [   20.173172] kjournald starting.  Commit interval 5 seconds
Oct 13 13:24:19 nao user.info kernel: [   20.191678] EXT3 FS on sda2, internal journal
Oct 13 13:24:19 nao user.info kernel: [   20.204808] EXT3-fs: mounted filesystem with ordered data mode.
Oct 13 13:24:19 nao user.info kernel: [   21.759818] kjournald starting.  Commit interval 5 seconds
Oct 13 13:24:19 nao user.info kernel: [   21.777004] EXT3 FS on sdb1, internal journal
Oct 13 13:24:19 nao user.info kernel: [   21.790390] EXT3-fs: mounted filesystem with ordered data mode.
Oct 13 13:24:19 nao user.info kernel: [   21.871225] Bluetooth: L2CAP ver 2.11
Oct 13 13:24:19 nao user.info kernel: [   21.882725] Bluetooth: L2CAP socket layer initialized
Oct 13 13:24:19 nao user.info kernel: [   21.928353] Bluetooth: RFCOMM socket layer initialized
Oct 13 13:24:19 nao user.info kernel: [   21.943949] Bluetooth: RFCOMM ver 1.10
Oct 13 13:24:19 nao user.info kernel: [   22.603368] Generic kernel compatibility enabled based on linux-2.6.33-rc4
Oct 13 13:24:19 nao user.info kernel: [   22.793221] cfg80211: Calling CRDA to update world regulatory domain
Oct 13 13:24:19 nao user.info kernel: [   22.965442] usbcore: registered new interface driver zd1211rw
Oct 13 13:24:19 nao user.info kernel: [   23.016473] usbcore: registered new interface driver cdc_acm
Oct 13 13:24:19 nao user.info kernel: [   23.037211] cdc_acm: v0.26:USB Abstract Control Model driver for USB modems and ISDN adapters
Oct 13 13:24:19 nao user.info kernel: [   23.842212] AMD Linux LX video2linux/2 driver 3.2.0100
Oct 13 13:24:19 nao user.warn kernel: [   23.858646] Found Geode LX VIP at IRQ 11
Oct 13 13:24:19 nao user.notice kernel: [   23.876323] OmniVision ov7670 sensor driver, at your service (v 2.00)
Oct 13 13:24:19 nao user.info kernel: [   23.904085] ov7670/1: driver attached: adapter id: 10002
Oct 13 13:24:19 nao user.info kernel: [   23.920430] Trying to detect OmniVision 7670/7672 I2C adapters
Oct 13 13:24:19 nao user.debug kernel: [   25.813292] ov7670_init returned 0
Oct 13 13:24:19 nao user.debug kernel: [   25.813305] Phase 1
Oct 13 13:24:19 nao user.debug kernel: [   25.815572] Phase 2
Oct 13 13:24:19 nao user.debug kernel: [   25.815581] Phase 3
Oct 13 13:24:19 nao user.debug kernel: [   25.817861] Phase 4
Oct 13 13:24:19 nao user.debug kernel: [   25.817870] Phase 5
Oct 13 13:24:19 nao user.debug kernel: [   25.820178] Phase 6
Oct 13 13:24:19 nao user.debug kernel: [   25.820187] Phase 7
Oct 13 13:24:19 nao user.debug kernel: [   25.822459] Phase 8
Oct 13 13:24:19 nao user.debug kernel: [   25.822468] Phase 9
Oct 13 13:24:19 nao user.info kernel: [   25.822477] OmniVision 7670/7671 I2C Found
Oct 13 13:24:19 nao user.info kernel: [   25.835588] ov7670/1: driver attached: adapter id: 0
Oct 13 13:24:19 nao user.warn kernel: [   26.446212] <-- RTMPAllocTxRxRingMemory, Status=0
Oct 13 13:24:19 nao user.warn kernel: [   26.462477] -->RTUSBVenderReset
Oct 13 13:24:19 nao user.warn kernel: [   26.471979] <--RTUSBVenderReset
Oct 13 13:24:19 nao user.warn kernel: [   26.766568] 1. Phy Mode = 9
Oct 13 13:24:19 nao user.warn kernel: [   26.774944] 2. Phy Mode = 9
Oct 13 13:24:19 nao user.warn kernel: [   26.783317] NVM is Efuse and its size =2d[2d0-2fc] 
Oct 13 13:24:19 nao user.warn kernel: [   26.853499] RTMPSetPhyMode: channel is out of range, use first channel=1 
Oct 13 13:24:19 nao user.warn kernel: [   26.891994] 3. Phy Mode = 9
Oct 13 13:24:19 nao user.warn kernel: [   26.980879] MCS Set = ff 00 00 00 01
Oct 13 13:24:19 nao user.warn kernel: [   27.004517] <==== rt28xx_init, Status=0
Oct 13 13:24:19 nao user.warn kernel: [   27.017500] 0x1300 = 00064300
Oct 13 13:24:19 nao user.info kernel: [   27.223487] eth0: link up, 100Mbps, full-duplex, lpa 0xC5E1
Oct 13 13:24:20 nao daemon.info avahi-daemon[1603]: Found user 'avahi' (UID 103) and group 'avahi' (GID 1004).
Oct 13 13:24:20 nao daemon.info avahi-daemon[1603]: Successfully dropped root privileges.
Oct 13 13:24:20 nao daemon.info avahi-daemon[1603]: avahi-daemon 0.6.25 starting up.
Oct 13 13:24:20 nao daemon.info avahi-daemon[1603]: Loading service file /etc/avahi/services/nao-configuration.service.
Oct 13 13:24:20 nao daemon.info avahi-daemon[1603]: Loading service file /etc/avahi/services/nao.service.
Oct 13 13:24:20 nao daemon.info avahi-daemon[1603]: Loading service file /etc/avahi/services/sftp-ssh.service.
Oct 13 13:24:20 nao daemon.info avahi-daemon[1603]: Loading service file /etc/avahi/services/ssh.service.
Oct 13 13:24:20 nao daemon.info avahi-daemon[1603]: Joining mDNS multicast group on interface eth0.IPv4 with address 10.42.43.91.
Oct 13 13:24:20 nao daemon.info avahi-daemon[1603]: New relevant interface eth0.IPv4 for mDNS.
Oct 13 13:24:20 nao daemon.info avahi-daemon[1603]: Network interface enumeration completed.
Oct 13 13:24:20 nao daemon.info avahi-daemon[1603]: Registering new address record for 10.42.43.91 on eth0.IPv4.
Oct 13 13:24:20 nao daemon.info avahi-daemon[1603]: Registering HINFO record with values 'I586'/'LINUX'.
Oct 13 13:24:20 nao daemon.info avahi-daemon[1603]: Server startup complete. Host name is nao.local. Local service cookie is 3309899526.
Oct 13 13:24:21 nao daemon.info avahi-daemon[1603]: Service "nao" (/etc/avahi/services/ssh.service) successfully established.
Oct 13 13:24:21 nao daemon.info avahi-daemon[1603]: Service "SFTP File Transfer on nao" (/etc/avahi/services/sftp-ssh.service) successfully established.
Oct 13 13:24:21 nao daemon.info avahi-daemon[1603]: Service "nao" (/etc/avahi/services/nao.service) successfully established.
Oct 13 13:24:21 nao daemon.info avahi-daemon[1603]: Service "nao" (/etc/avahi/services/nao-configuration.service) successfully established.
Oct 13 13:24:24 nao daemon.info connmand[1574]: wlan0 scanning finished
Oct 13 13:24:24 nao user.warn kernel: [   32.387354] ===>rt_ioctl_giwscan. 12(12) BSS returned, data->length = 1678
Oct 13 13:24:24 nao daemon.info connmand[1574]: wlan0 INACTIVE (scanning)
Oct 13 13:24:32 nao auth.info sshd[1641]: Accepted password for nao from 10.42.43.1 port 60316 ssh2
Oct 13 13:24:32 nao auth.err sshd[1645]: error: setlogin failed: Function not implemented
Oct 13 13:24:32 nao authpriv.info sshd[1645]: pam_unix(sshd:session): session opened for user nao by (uid=0)
Oct 13 13:24:36 nao authpriv.info su: pam_unix(su:session): session opened for user nao by (uid=0)
Oct 13 13:24:36 nao authpriv.info su: pam_unix(su:session): session opened for user nao by (uid=0)
Oct 13 13:24:37 nao local1.info NaoQi: INF: ..::: starting NaoQi version 1.10.52 :::..
Oct 13 13:24:37 nao local1.info NaoQi: INF: Copyright (c) 2010, Aldebaran Robotics
Oct 13 13:24:37 nao local1.info NaoQi: INF: Running ippc server with name `mainBroker' ...               
Oct 13 13:24:37 nao local1.info NaoQi: INF: Registering module : ALFileManager
Oct 13 13:24:38 nao local1.info NaoQi: INF: Registering module : ALNetwork
Oct 13 13:24:38 nao local1.info NaoQi: INF: Server is listening on 0.0.0.0:9559
Oct 13 13:24:39 nao local1.info NaoQi: INF: Registering module : ALMemory
Oct 13 13:24:39 nao local1.info NaoQi: INF: Registering module : ALLogger
Oct 13 13:24:39 nao local1.info NaoQi: INF: Registering module : ALPreferences
Oct 13 13:24:39 nao local1.info NaoQi: INF: Registering module : ALFrameManager
Oct 13 13:24:51 nao user.notice root: write system clock to bios clock
Oct 13 13:24:54 nao local1.info NaoQi: INF: Registering module : DCM
Oct 13 13:24:54 nao local1.info NaoQi: INF: Registering module : ALResourceManager
Oct 13 13:24:54 nao local1.info NaoQi: INF: ALOwnerStrong: Standing
Oct 13 13:24:54 nao local1.info NaoQi: INF: ALOwnerStrong: Sitting
Oct 13 13:24:54 nao local1.info NaoQi: INF: Registering module : ALSonar
Oct 13 13:24:54 nao local1.info NaoQi: INF: Registering module : ALFsr
Oct 13 13:24:54 nao local1.info NaoQi: INF: ALOwnerStrong: Standing
Oct 13 13:24:54 nao local1.info NaoQi: INF: ALOwnerStrong: Sitting
Oct 13 13:24:54 nao local1.info NaoQi: INF: Registering module : ALRobotPose
Oct 13 13:24:54 nao local1.info NaoQi: INF: Registering module : ALSensors
Oct 13 13:24:55 nao local1.info NaoQi: INF: Registering module : ALRobotModel
Oct 13 13:24:55 nao local1.info NaoQi: INF: ALOwnerStrong: Standing
Oct 13 13:24:55 nao local1.info NaoQi: INF: ALMotion : Using Model: naoAcademics
Oct 13 13:24:55 nao local1.info NaoQi: INF: Registering module : ALMotion
Oct 13 13:24:55 nao local1.info NaoQi: INF: Registering module : ALRedBallTracker
Oct 13 13:24:55 nao local1.info NaoQi: INF: Registering module : ALFaceTracker
Oct 13 13:24:55 nao local1.info NaoQi: INF: Registering module : ALMotionRecorder
Oct 13 13:24:55 nao local1.info NaoQi: INF: Registering module : ALLeds
Oct 13 13:24:57 nao local1.info NaoQi: INF: VideoInput: loading NaoCam
Oct 13 13:24:57 nao local1.info NaoQi: WRN: No subscribe method in module ALMemory
Oct 13 13:24:57 nao local1.info NaoQi: INF: ALVideoInput: Nao V3 identified
Oct 13 13:25:00 nao local1.info NaoQi: INF: Registering module : ALVideoDevice
Oct 13 13:25:00 nao local1.info NaoQi: INF: Registering module : ALRedBallDetection
Oct 13 13:25:00 nao local1.info NaoQi: INF: Registering module : ALFaceDetection
Oct 13 13:25:00 nao local1.info NaoQi: INF: Registering module : ALVisionRecognition
Oct 13 13:25:01 nao local1.info NaoQi: INF: ALLandMarkDetection: Module Loaded, Version: 3.3
Oct 13 13:25:01 nao local1.info NaoQi: INF: Registering module : ALLandMarkDetection
Oct 13 13:25:01 nao local1.info NaoQi: INF: Registering module : ALVisionToolbox
Oct 13 13:25:03 nao local1.info NaoQi: INF: Registering module : ALAudioDevice
Oct 13 13:25:04 nao local1.info NaoQi: INF: Registering module : ALAudioPlayer
Oct 13 13:25:04 nao local1.info NaoQi: INF: Registering module : ALTextToSpeech
Oct 13 13:25:04 nao local1.info NaoQi: INF: New client broker: ALProxyBroker 127.0.0.1 54010
Oct 13 13:25:04 nao user.debug kernel: [   63.526101] spurious 8259A interrupt: IRQ7.
Oct 13 13:25:04 nao user.info kernel: [   72.145707] soap_serve[1682]: segfault at 14 ip b1f36ee8 sp b7470ef0 error 4 in libaltts.so[b1f18000+2a000]
Oct 13 13:25:04 nao local1.info NaoQi: DBG: ALLog: New subscriber logToSysLog.
Oct 13 13:26:22 nao daemon.info connmand[1574]: wlan0 up
Oct 13 13:26:22 nao daemon.info connmand[1574]: wlan0 SCANNING
Oct 13 13:26:22 nao daemon.info connmand[1574]: wlan0 scanning started
Oct 13 13:26:27 nao daemon.info connmand[1574]: wlan0 scanning finished
Oct 13 13:26:27 nao user.warn kernel: [  155.241425] ===>rt_ioctl_giwscan. 10(10) BSS returned, data->length = 1468
Oct 13 13:26:27 nao daemon.info connmand[1574]: wlan0 ASSOCIATING (scanning)
Oct 13 13:26:27 nao daemon.info connmand[1574]: wlan0 ASSOCIATED
Oct 13 13:26:27 nao daemon.info connmand[1574]: wlan0 4WAY_HANDSHAKE
Oct 13 13:26:27 nao daemon.info connmand[1574]: wlan0 GROUP_HANDSHAKE
Oct 13 13:26:27 nao daemon.info connmand[1574]: wlan0 {update} flags 69699 <UP,RUNNING,LOWER_UP>
Oct 13 13:26:27 nao daemon.info connmand[1574]: wlan0 lower up
Oct 13 13:26:27 nao daemon.info connmand[1574]: wlan0 {newlink} index 3 address 00:30:4F:87:2C:B8 mtu 1500
Oct 13 13:26:27 nao daemon.info connmand[1574]: wlan0 {newlink} index 3 operstate 6 <UP>
Oct 13 13:26:27 nao daemon.info connmand[1574]: wlan0 COMPLETED
Oct 13 13:26:43 nao daemon.info connmand[1574]: wlan0 DISCONNECTED (scanning)
Oct 13 13:26:43 nao daemon.info connmand[1574]: wlan0 {update} flags 69635 <UP,LOWER_UP>
Oct 13 13:26:43 nao daemon.info connmand[1574]: wlan0 {newlink} index 3 address 00:30:4F:87:2C:B8 mtu 1500
Oct 13 13:26:43 nao daemon.info connmand[1574]: wlan0 {newlink} index 3 operstate 5 <DORMANT>
Oct 13 13:26:43 nao daemon.info connmand[1574]: wlan0 SCANNING (scanning)
Oct 13 13:26:43 nao daemon.info connmand[1574]: wlan0 scanning started
Oct 13 13:26:48 nao daemon.info connmand[1574]: wlan0 scanning finished
Oct 13 13:26:48 nao user.warn kernel: [  176.263333] ===>rt_ioctl_giwscan. 11(11) BSS returned, data->length = 1570
Oct 13 13:26:48 nao daemon.info connmand[1574]: wlan0 DISCONNECTED (scanning)
Oct 13 13:26:49 nao daemon.info connmand[1574]: wlan0 ASSOCIATED
Oct 13 13:26:49 nao daemon.info connmand[1574]: wlan0 DISCONNECTED
Oct 13 13:30:34 nao daemon.info connmand[1574]: wlan0 up
Oct 13 13:30:34 nao daemon.info connmand[1574]: wlan0 SCANNING
Oct 13 13:30:34 nao daemon.info connmand[1574]: wlan0 scanning started
Oct 13 13:30:39 nao daemon.info connmand[1574]: wlan0 scanning finished
Oct 13 13:30:39 nao user.warn kernel: [  407.421351] ===>rt_ioctl_giwscan. 11(11) BSS returned, data->length = 1576
Oct 13 13:30:39 nao daemon.info connmand[1574]: wlan0 ASSOCIATING (scanning)
Oct 13 13:30:39 nao daemon.info connmand[1574]: wlan0 ASSOCIATED
Oct 13 13:30:41 nao daemon.info connmand[1574]: wlan0 4WAY_HANDSHAKE
Oct 13 13:30:41 nao daemon.info connmand[1574]: wlan0 GROUP_HANDSHAKE
Oct 13 13:30:42 nao daemon.info connmand[1574]: wlan0 {update} flags 69699 <UP,RUNNING,LOWER_UP>
Oct 13 13:30:42 nao daemon.info connmand[1574]: wlan0 lower up
Oct 13 13:30:42 nao daemon.info connmand[1574]: wlan0 {newlink} index 3 address 00:30:4F:87:2C:B8 mtu 1500
Oct 13 13:30:42 nao daemon.info connmand[1574]: wlan0 {newlink} index 3 operstate 6 <UP>
Oct 13 13:30:42 nao daemon.info connmand[1574]: wlan0 COMPLETED
Oct 13 13:30:45 nao daemon.info connmand[1574]: Setting hostname to nao
Oct 13 13:30:45 nao daemon.info avahi-daemon[1603]: Joining mDNS multicast group on interface wlan0.IPv4 with address 10.42.44.100.
Oct 13 13:30:45 nao daemon.info avahi-daemon[1603]: New relevant interface wlan0.IPv4 for mDNS.
Oct 13 13:30:45 nao daemon.info avahi-daemon[1603]: Registering new address record for 10.42.44.100 on wlan0.IPv4.
Oct 13 13:30:45 nao daemon.info avahi-daemon[1603]: Withdrawing address record for 10.42.44.100 on wlan0.
Oct 13 13:30:45 nao daemon.info avahi-daemon[1603]: Leaving mDNS multicast group on interface wlan0.IPv4 with address 10.42.44.100.
Oct 13 13:30:45 nao daemon.info avahi-daemon[1603]: Interface wlan0.IPv4 no longer relevant for mDNS.
Oct 13 13:30:45 nao daemon.info avahi-daemon[1603]: Joining mDNS multicast group on interface wlan0.IPv4 with address 10.42.44.100.
Oct 13 13:30:45 nao daemon.info avahi-daemon[1603]: New relevant interface wlan0.IPv4 for mDNS.
Oct 13 13:30:45 nao daemon.info avahi-daemon[1603]: Registering new address record for 10.42.44.100 on wlan0.IPv4.
Oct 13 13:30:45 nao daemon.info connmand[1574]: wlan0 {add} address 10.42.44.100/8 label wlan0
Oct 13 13:30:45 nao daemon.info connmand[1574]: wlan0 ip bound
Oct 13 13:30:45 nao daemon.info connmand[1574]: wlan0 {add} route 10.0.0.0 gw 0.0.0.0 scope 253 <LINK>
Oct 13 13:30:45 nao daemon.info connmand[1574]: wlan0 {del} address 10.42.44.100/8 label wlan0
Oct 13 13:30:45 nao daemon.info connmand[1574]: wlan0 ip release
Oct 13 13:30:45 nao daemon.info connmand[1574]: wlan0 {del} route 10.0.0.0 gw 0.0.0.0 scope 253 <LINK>
Oct 13 13:30:45 nao daemon.info connmand[1574]: wlan0 {add} address 10.42.44.100/24 label wlan0
Oct 13 13:30:45 nao daemon.info connmand[1574]: wlan0 ip bound
Oct 13 13:30:45 nao daemon.info connmand[1574]: wlan0 {add} route 10.42.44.0 gw 0.0.0.0 scope 253 <LINK>
Oct 13 13:30:45 nao daemon.info connmand[1574]: wlan0 {add} route 10.42.44.1 gw 0.0.0.0 scope 253 <LINK>
Oct 13 13:31:13 nao user.info kernel: [  440.974950] eth0: link down
Oct 13 13:31:13 nao daemon.info connmand[1574]: eth0 {RX} 1331 packets 128768 bytes
Oct 13 13:31:13 nao daemon.info connmand[1574]: eth0 {TX} 1479 packets 798517 bytes
Oct 13 13:31:13 nao daemon.info connmand[1574]: eth0 {update} flags 4099 <UP>
Oct 13 13:31:13 nao daemon.info connmand[1574]: eth0 lower down
Oct 13 13:31:13 nao daemon.info connmand[1574]: eth0 {newlink} index 2 address 00:01:C0:0A:D3:11 mtu 1500
Oct 13 13:31:13 nao daemon.info connmand[1574]: eth0 {newlink} index 2 operstate 2 <DOWN>
Oct 13 13:31:13 nao daemon.err connmand[1574]: Deleting host route failed (No such process)
Oct 13 13:31:13 nao daemon.err connmand[1574]: Deleting host route failed (No such process)
Oct 13 13:31:13 nao daemon.err connmand[1574]: Removing default gateway route failed (No such process)
Oct 13 13:31:13 nao daemon.info avahi-daemon[1603]: Withdrawing address record for 10.42.43.91 on eth0.
Oct 13 13:31:13 nao daemon.info avahi-daemon[1603]: Leaving mDNS multicast group on interface eth0.IPv4 with address 10.42.43.91.
Oct 13 13:31:13 nao daemon.info avahi-daemon[1603]: Interface eth0.IPv4 no longer relevant for mDNS.
Oct 13 13:31:13 nao daemon.info connmand[1574]: eth0 {del} route 10.42.43.1 gw 0.0.0.0 scope 253 <LINK>
Oct 13 13:31:13 nao daemon.info connmand[1574]: eth0 {del} route 0.0.0.0 gw 10.42.43.1 scope 0 <UNIVERSE>
Oct 13 13:31:13 nao daemon.err connmand[1574]: Setting default gateway route failed (File exists)
Oct 13 13:31:13 nao daemon.info connmand[1574]: wlan0 scanning started
Oct 13 13:31:13 nao daemon.info connmand[1574]: wlan0 {add} route 0.0.0.0 gw 10.42.44.1 scope 0 <UNIVERSE>
Oct 13 13:31:13 nao daemon.info connmand[1574]: eth0 {del} address 10.42.43.91/24 label eth0
Oct 13 13:31:13 nao daemon.info connmand[1574]: eth0 {del} route 10.42.43.0 gw 0.0.0.0 scope 253 <LINK>
Oct 13 13:31:18 nao daemon.info connmand[1574]: wlan0 scanning finished
Oct 13 13:31:18 nao user.warn kernel: [  446.015336] ===>rt_ioctl_giwscan. 10(10) BSS returned, data->length = 1474
Oct 13 13:32:18 nao auth.info sshd[1645]: Timeout, client not responding.
Oct 13 13:32:18 nao authpriv.info sshd[1645]: pam_unix(sshd:session): session closed for user nao
Oct 13 13:35:34 nao user.info kernel: [  702.524887] eth0: link up, 100Mbps, full-duplex, lpa 0xC5E1
Oct 13 13:35:34 nao daemon.info connmand[1574]: eth0 {RX} 1331 packets 128768 bytes
Oct 13 13:35:34 nao daemon.info connmand[1574]: eth0 {TX} 1479 packets 798517 bytes
Oct 13 13:35:34 nao daemon.info connmand[1574]: eth0 {update} flags 69699 <UP,RUNNING,LOWER_UP>
Oct 13 13:35:34 nao daemon.info connmand[1574]: eth0 {newlink} index 2 address 00:01:C0:0A:D3:11 mtu 1500
Oct 13 13:35:34 nao daemon.info connmand[1574]: eth0 {newlink} index 2 operstate 6 <UP>
Oct 13 13:35:34 nao daemon.info connmand[1574]: eth0 up
Oct 13 13:35:34 nao daemon.info connmand[1574]: eth0 lower up
Oct 13 13:35:38 nao daemon.info connmand[1574]: Setting hostname to nao
Oct 13 13:35:38 nao daemon.info avahi-daemon[1603]: Joining mDNS multicast group on interface eth0.IPv4 with address 10.42.43.91.
Oct 13 13:35:38 nao daemon.info avahi-daemon[1603]: New relevant interface eth0.IPv4 for mDNS.
Oct 13 13:35:38 nao daemon.info avahi-daemon[1603]: Registering new address record for 10.42.43.91 on eth0.IPv4.
Oct 13 13:35:38 nao daemon.info avahi-daemon[1603]: Withdrawing address record for 10.42.43.91 on eth0.
Oct 13 13:35:38 nao daemon.info avahi-daemon[1603]: Leaving mDNS multicast group on interface eth0.IPv4 with address 10.42.43.91.
Oct 13 13:35:38 nao daemon.info avahi-daemon[1603]: Interface eth0.IPv4 no longer relevant for mDNS.
Oct 13 13:35:38 nao daemon.info avahi-daemon[1603]: Joining mDNS multicast group on interface eth0.IPv4 with address 10.42.43.91.
Oct 13 13:35:38 nao daemon.info avahi-daemon[1603]: New relevant interface eth0.IPv4 for mDNS.
Oct 13 13:35:38 nao daemon.info avahi-daemon[1603]: Registering new address record for 10.42.43.91 on eth0.IPv4.
Oct 13 13:35:38 nao daemon.info connmand[1574]: eth0 {add} address 10.42.43.91/8 label eth0
Oct 13 13:35:38 nao daemon.info connmand[1574]: eth0 ip bound
Oct 13 13:35:38 nao daemon.info connmand[1574]: eth0 {add} route 10.0.0.0 gw 0.0.0.0 scope 253 <LINK>
Oct 13 13:35:38 nao daemon.info connmand[1574]: eth0 {del} address 10.42.43.91/8 label eth0
Oct 13 13:35:38 nao daemon.info connmand[1574]: eth0 ip release
Oct 13 13:35:38 nao daemon.info connmand[1574]: eth0 {del} route 10.0.0.0 gw 0.0.0.0 scope 253 <LINK>
Oct 13 13:35:38 nao daemon.info connmand[1574]: eth0 {add} address 10.42.43.91/24 label eth0
Oct 13 13:35:38 nao daemon.info connmand[1574]: eth0 ip bound
Oct 13 13:35:38 nao daemon.info connmand[1574]: eth0 {add} route 10.42.43.0 gw 0.0.0.0 scope 253 <LINK>
Oct 13 13:35:38 nao daemon.info connmand[1574]: eth0 {add} route 10.42.43.1 gw 0.0.0.0 scope 253 <LINK>
Oct 13 13:36:14 nao daemon.info connmand[1574]: wlan0 scanning started
Oct 13 13:36:16 nao auth.info sshd[1799]: Accepted password for nao from 10.42.43.1 port 33056 ssh2
Oct 13 13:36:16 nao auth.err sshd[1803]: error: setlogin failed: Function not implemented
Oct 13 13:36:16 nao authpriv.info sshd[1803]: pam_unix(sshd:session): session opened for user nao by (uid=0)
Oct 13 13:36:19 nao daemon.info connmand[1574]: wlan0 scanning finished
Oct 13 13:36:19 nao user.warn kernel: [  746.691336] ===>rt_ioctl_giwscan. 10(10) BSS returned, data->length = 1474
Oct 13 13:40:31 nao authpriv.warn su: pam_unix(su:auth): check pass; user unknown
Oct 13 13:40:31 nao authpriv.notice su: pam_unix(su:auth): authentication failure; logname=nao uid=1001 euid=0 tty= ruser= rhost= 
Oct 13 13:40:34 nao authpriv.info su: pam_unix(su:session): session opened for user root by nao(uid=1001)
